09:18:59 [INFO] Starting application: VoxelCube Sandbox (C:\VoxelCube\engine\src\core\Application.cpp:43)
09:18:59 [INFO] Win32 window created: VoxelCube Sandbox (1600x900) (C:\VoxelCube\engine\src\core\Window.cpp:67)
09:18:59 [INFO] Input system initialized (keyboard, mouse, raw input). (C:\VoxelCube\engine\src\core\Input.cpp:208)
09:18:59 [INFO] Sandbox bootstrap finished. (C:\VoxelCube\sandbox\src\Main.cpp:68)
09:18:59 [INFO] Config source: sandbox/sandbox.vcconfig (C:\VoxelCube\sandbox\src\Main.cpp:69)
09:18:59 [INFO] Controls: resize the window, press F11 or Alt+Enter to toggle fullscreen. (C:\VoxelCube\sandbox\src\Main.cpp:70)
09:19:00 [TRACE] Fixed tick 60 dt=16.666667ms (C:\VoxelCube\sandbox\src\Main.cpp:131)
09:19:00 [TRACE] Raw mouse delta: 0, -4 (C:\VoxelCube\sandbox\src\Main.cpp:117)
09:19:00 [TRACE] Frame 60 dt=18.231200ms (C:\VoxelCube\sandbox\src\Main.cpp:122)
09:19:01 [TRACE] Fixed tick 120 dt=16.666667ms (C:\VoxelCube\sandbox\src\Main.cpp:131)
09:19:02 [TRACE] Raw mouse delta: -18, 17 (C:\VoxelCube\sandbox\src\Main.cpp:117)
09:19:02 [TRACE] Frame 120 dt=17.804000ms (C:\VoxelCube\sandbox\src\Main.cpp:122)
09:19:02 [TRACE] Fixed tick 180 dt=16.666667ms (C:\VoxelCube\sandbox\src\Main.cpp:131)
09:19:03 [TRACE] Raw mouse delta: -7, 6 (C:\VoxelCube\sandbox\src\Main.cpp:117)
09:19:03 [TRACE] Frame 180 dt=17.995900ms (C:\VoxelCube\sandbox\src\Main.cpp:122)
09:19:03 [TRACE] Fixed tick 240 dt=16.666667ms (C:\VoxelCube\sandbox\src\Main.cpp:131)
09:19:04 [TRACE] Frame 240 dt=17.907800ms (C:\VoxelCube\sandbox\src\Main.cpp:122)
09:19:04 [TRACE] Fixed tick 300 dt=16.666667ms (C:\VoxelCube\sandbox\src\Main.cpp:131)
09:19:05 [TRACE] Frame 300 dt=18.094700ms (C:\VoxelCube\sandbox\src\Main.cpp:122)
09:19:05 [INFO] Reached configured frame budget, stopping application. (C:\VoxelCube\engine\src\core\Application.cpp:102)
09:19:05 [INFO] EventBus observed window close request. (C:\VoxelCube\sandbox\src\Main.cpp:66)
09:19:05 [INFO] Win32 window destroyed. (C:\VoxelCube\engine\src\core\Window.cpp:235)
09:19:05 [INFO] Sandbox shutdown hook executed. (C:\VoxelCube\sandbox\src\Main.cpp:138)
09:19:05 [INFO] Application shutdown complete. (C:\VoxelCube\engine\src\core\Application.cpp:121)
