09:08:22 [INFO] Starting application: VoxelCube Sandbox (C:\VoxelCube\engine\src\core\Application.cpp:38)
09:08:22 [INFO] Win32 window created: VoxelCube Sandbox (1600x900) (C:\VoxelCube\engine\src\core\Window.cpp:66)
09:08:22 [INFO] Input system initialized (keyboard, mouse, raw input). (C:\VoxelCube\engine\src\core\Input.cpp:202)
09:08:22 [INFO] Sandbox bootstrap finished. (C:\VoxelCube\sandbox\src\Main.cpp:53)
09:08:22 [INFO] Config source: sandbox/sandbox.vcconfig (C:\VoxelCube\sandbox\src\Main.cpp:54)
09:08:22 [INFO] Controls: resize the window, press F11 or Alt+Enter to toggle fullscreen. (C:\VoxelCube\sandbox\src\Main.cpp:55)
09:08:22 [INFO] Window resized to 1600x900 (C:\VoxelCube\sandbox\src\Main.cpp:127)
09:08:23 [TRACE] Fixed tick 60 dt=16.666667ms (C:\VoxelCube\sandbox\src\Main.cpp:121)
09:08:23 [TRACE] Frame 60 dt=18.046300ms (C:\VoxelCube\sandbox\src\Main.cpp:112)
09:08:24 [TRACE] Fixed tick 120 dt=16.666667ms (C:\VoxelCube\sandbox\src\Main.cpp:121)
09:08:25 [TRACE] Frame 120 dt=18.295400ms (C:\VoxelCube\sandbox\src\Main.cpp:112)
09:08:25 [TRACE] Fixed tick 180 dt=16.666667ms (C:\VoxelCube\sandbox\src\Main.cpp:121)
09:08:26 [TRACE] Frame 180 dt=17.897200ms (C:\VoxelCube\sandbox\src\Main.cpp:112)
09:08:26 [TRACE] Fixed tick 240 dt=16.666667ms (C:\VoxelCube\sandbox\src\Main.cpp:121)
09:08:27 [TRACE] Frame 240 dt=18.005500ms (C:\VoxelCube\sandbox\src\Main.cpp:112)
09:08:27 [TRACE] Fixed tick 300 dt=16.666667ms (C:\VoxelCube\sandbox\src\Main.cpp:121)
09:08:28 [TRACE] Frame 300 dt=18.033500ms (C:\VoxelCube\sandbox\src\Main.cpp:112)
09:08:28 [INFO] Reached configured frame budget, stopping application. (C:\VoxelCube\engine\src\core\Application.cpp:97)
09:08:28 [INFO] Win32 window destroyed. (C:\VoxelCube\engine\src\core\Window.cpp:232)
09:08:28 [INFO] Sandbox shutdown hook executed. (C:\VoxelCube\sandbox\src\Main.cpp:133)
09:08:28 [INFO] Application shutdown complete. (C:\VoxelCube\engine\src\core\Application.cpp:114)
